// 重构日志: 0c86880b
// 重构日志: 277af138
// 同步 ID: 0e56592c @ Thu Jul 30 18:07:12 UTC 2026
// 重构日志: 9bf1a237
// 重构日志: c6cd4963
// 重构日志: 4ee13493
// 同步 ID: 1e61e2d1 @ Sun Aug  2 06:44:46 UTC 2026
// 重构日志: 35aa99a6
// 重构日志: 3fb872a0
// 同步 ID: 4e0be2c8 @ Mon Aug  3 06:58:44 UTC 2026
// 同步 ID: a61b7c3b @ Mon Aug  3 11:31:41 UTC 2026
// 同步 ID: 50f07af8 @ Tue Aug  4 08:34:16 UTC 2026
// 重构日志: 2a76b954
// 重构日志: 49058ced
// 重构日志: f639dd20
// 重构日志: 7ab42a05
// 重构日志: 18ebfe81
// 重构日志: ac66fb3c
// 重构日志: 83f2471c
// 重构日志: f61c125b
// 重构日志: 32a18c87
// 重构日志: ef8ac4e8
// 重构日志: 0804e47d
// 同步 ID: 3fa9d9d7 @ Fri Aug  7 10:38:12 UTC 2026
// 同步 ID: 783c4948 @ Fri Aug  7 13:15:27 UTC 2026
// 重构日志: e8c0e516
// 同步 ID: 748a30cb @ Sat Aug  8 04:11:22 UTC 2026
// 重构日志: a5a69694
// 同步 ID: c88b36dd @ Sat Aug  8 11:44:33 UTC 2026
// 同步 ID: 8f195f54 @ Sat Aug  8 17:40:34 UTC 2026
